// Vitest Snapshot v1, https://vitest.dev/guide/snapshot.html

exports[`subscribeModalCopy > pins every user-visible string (heartbeat-public snapshots the same object) 1`] = `
{
  "chrome": {
    "back": "Go back",
    "close": "Close",
    "profileLink": "View {publisher} profile",
    "profileLinkPublisherFallback": "publisher",
  },
  "cta": {
    "generic": "Subscribe for access",
    "withPublisher": "Subscribe to {publisher} for access",
  },
  "email": {
    "cta": "Continue with Email",
    "ctaLoading": "Sending code...",
    "errorRequired": "Please enter your email",
    "errorSendFailed": "Failed to send verification code",
    "footnoteAccount": "We'll create an account for you if you don't have one",
    "footnoteMagicLink": "No password needed - we use secure magic links",
    "label": "Email Address",
    "placeholder": "you@example.com",
    "subtitle": "We'll send you a verification code",
    "title": "Continue with Email",
  },
  "plan": {
    "free": "Free",
    "freeNote": "Access to {publisher}'s free releases",
    "label": "YOUR PLAN",
    "paidNote": "Full access to {publisher}'s intel",
    "price": "\${price}{period}",
  },
  "pricing": {
    "bestValue": "BEST VALUE",
    "ctaFree": "Get Free Access",
    "ctaLoading": "Processing...",
    "ctaPaid": "Subscribe for \${price}{period}",
    "free": "Free",
    "missingPublisher": "Unable to identify publisher. Please refresh and try again.",
    "missingPublisherTitle": "Error",
    "noPricingBody": "Reach out to {publisher} to discuss subscription options.",
    "noPricingPublisherFallback": "this publisher",
    "noPricingTitle": "Contact for Pricing",
    "perMonth": "\${pricePerMonth}/month",
    "price": "\${price}",
    "savings": "Save \${savings}",
    "stripeFooter": "Secure checkout powered by Stripe. Cancel anytime.",
    "title": "Subscribe to {publisher}",
    "titleGeneric": "Subscribe to Premium Intel",
  },
  "success": {
    "body": "Your free subscription is active. You'll get access to free releases as they're published.",
    "cta": "Done",
    "subtitle": "You've joined {publisher}'s free tier",
    "subtitleGeneric": "You've joined the free tier",
    "title": "You're In!",
  },
  "verify": {
    "ctaFree": "Verify & Get Access",
    "ctaPaid": "Verify & Continue to Payment",
    "errorCheckoutFailed": "Failed to create checkout session",
    "errorFreeSubscribeFailed": "Failed to subscribe to free tier",
    "errorInvalid": "Invalid or expired code",
    "errorRequired": "Please enter the verification code",
    "label": "Verification Code",
    "loadingFree": "Activating access...",
    "loadingPaid": "Redirecting to checkout...",
    "resendAction": "Resend code",
    "resendPrompt": "Didn't receive it?",
    "subtitle": "Check your inbox for {email}",
    "title": "Enter Verification Code",
  },
}
`;
